node.exe : FAIL tests/unit/wallet.service.test.js
Au caractère C:\Program Files\nodejs\npx.ps1:29 : 3
+   & $NODE_EXE $NPX_CLI_JS $args
+   ~~~~~~~~~~~~~~~~~~~~~~~~~~~~~
    + CategoryInfo          : NotSpecified: (FAIL tests/unit/wallet.service.test.js:String) [], RemoteException
    + FullyQualifiedErrorId : NativeCommandError
 
  WalletService
    createWallet
      ÔêÜ should create a wallet successfully (5 ms)
      ÔêÜ should throw error if creation fails (7 ms)
    updateBalance
      ├ù should update balance successfully
      ÔêÜ should throw if insufficient funds

  ÔùÅ WalletService ÔÇ║ updateBalance ÔÇ║ should update balance successfully

    TypeError: supabase.from(...).select(...).eq(...).single is not a function

    [0m [90m 180 |[39m                 [33m.[39mselect([32m'balance, status'[39m)
     [90m 181 |[39m                 [33m.[39meq([32m'wallet_id'[39m[33m,[39m walletId)
    [31m[1m>[22m[39m[90m 182 |[39m                 [33m.[39msingle()[33m;[39m
     [90m     |[39m                  [31m[1m^[22m[39m
     [90m 183 |[39m
     [90m 184 |[39m             [36mif[39m (fetchError [33m||[39m [33m![39mwallet) {
     [90m 185 |[39m                 [36mthrow[39m [36mnew[39m [33mError[39m([32m'Wallet not found or inactive'[39m)[33m;[39m[0m

      at WalletService.single [as updateBalance] (src/services/wallet.service.js:182:18)
      at Object.updateBalance (tests/unit/wallet.service.test.js:83:48)

Test Suites: 1 failed, 1 total
Tests:       1 failed, 3 passed, 4 total
Snapshots:   0 total
Time:        0.338 s, estimated 1 s
Ran all test suites matching /tests\\unit\\wallet.service.test.js/i.
